// Jest Snapshot v1, https://goo.gl/fbAQLP

exports[`CommentForm component render correctly 1`] = `
<div>
  <div
    class="reviews__rating-form form__rating"
  >
    <input
      class="form__rating-input visually-hidden"
      id="5-stars"
      name="rating"
      required=""
      type="radio"
      value="5"
    />
    <label
      class="reviews__rating-label form__rating-label"
      for="5-stars"
      title="perfect"
    >
      <svg
        class="form__star-image"
        height="33"
        width="37"
      >
        <use
          xlink:href="#icon-star"
        />
      </svg>
    </label>
    <input
      class="form__rating-input visually-hidden"
      id="4-stars"
      name="rating"
      required=""
      type="radio"
      value="4"
    />
    <label
      class="reviews__rating-label form__rating-label"
      for="4-stars"
      title="good"
    >
      <svg
        class="form__star-image"
        height="33"
        width="37"
      >
        <use
          xlink:href="#icon-star"
        />
      </svg>
    </label>
    <input
      class="form__rating-input visually-hidden"
      id="3-stars"
      name="rating"
      required=""
      type="radio"
      value="3"
    />
    <label
      class="reviews__rating-label form__rating-label"
      for="3-stars"
      title="not bad"
    >
      <svg
        class="form__star-image"
        height="33"
        width="37"
      >
        <use
          xlink:href="#icon-star"
        />
      </svg>
    </label>
    <input
      class="form__rating-input visually-hidden"
      id="2-stars"
      name="rating"
      required=""
      type="radio"
      value="2"
    />
    <label
      class="reviews__rating-label form__rating-label"
      for="2-stars"
      title="badly"
    >
      <svg
        class="form__star-image"
        height="33"
        width="37"
      >
        <use
          xlink:href="#icon-star"
        />
      </svg>
    </label>
    <input
      class="form__rating-input visually-hidden"
      id="1-stars"
      name="rating"
      required=""
      type="radio"
      value="1"
    />
    <label
      class="reviews__rating-label form__rating-label"
      for="1-stars"
      title="terribly"
    >
      <svg
        class="form__star-image"
        height="33"
        width="37"
      >
        <use
          xlink:href="#icon-star"
        />
      </svg>
    </label>
  </div>
</div>
`;
